19:55:22 **** Incremental Build of configuration Debug for project POK_Lab1 ****
make -j13 all 
arm-none-eabi-gcc "../Core/Src/main.c" -mcpu=cortex-m4 -std=gnu11 -g3 -DDEBUG -DUSE_HAL_DRIVER -DSTM32F411xE -c -I../USB_HOST/App -I../USB_HOST/Target -I../Core/Inc -I../Drivers/STM32F4xx_HAL_Driver/Inc -I../Drivers/STM32F4xx_HAL_Driver/Inc/Legacy -I../Middlewares/ST/STM32_USB_Host_Library/Core/Inc -I../Middlewares/ST/STM32_USB_Host_Library/Class/CDC/Inc -I../Drivers/CMSIS/Device/ST/STM32F4xx/Include -I../Drivers/CMSIS/Include -O0 -ffunction-sections -fdata-sections -Wall -fstack-usage -fcyclomatic-complexity -MMD -MP -MF"Core/Src/main.d" -MT"Core/Src/main.o" --specs=nano.specs -mfpu=fpv4-sp-d16 -mfloat-abi=hard -mthumb -o "Core/Src/main.o"
arm-none-eabi-g++ -o "POK_Lab1.elf" @"objects.list"   -mcpu=cortex-m4 -T"/Users/daniilbykov/STM32CubeIDE/workspace_1.17.0/POK_Lab1/STM32F411VETX_FLASH.ld" --specs=nosys.specs -Wl,-Map="POK_Lab1.map" -Wl,--gc-sections -static --specs=nano.specs -mfpu=fpv4-sp-d16 -mfloat-abi=hard -mthumb -Wl,--start-group -lc -lm -lstdc++ -lsupc++ -Wl,--end-group
Finished building target: POK_Lab1.elf
 
arm-none-eabi-size  POK_Lab1.elf 
arm-none-eabi-objdump -h -S POK_Lab1.elf  > "POK_Lab1.list"
   text	   data	    bss	    dec	    hex	filename
  35992	    124	   4196	  40312	   9d78	POK_Lab1.elf
Finished building: default.size.stdout
 
Finished building: POK_Lab1.list
 

19:55:22 Build Finished. 0 errors, 0 warnings. (took 654ms)

